Using pre-set license
Built from '2022.3/staging' branch; Version is '2022.3.9f1 (ea401c316338) revision 15351836'; Using compiler version '192829333'; Build Type 'Release'
OS: 'Windows 11  (10.0.26100) 64bit Professional' Language: 'en' Physical Memory: 32605 MB
BatchMode: 1, IsHumanControllingUs: 0, StartBugReporterOnCrash: 0, Is64bit: 1, IsPro: 1

COMMAND LINE ARGUMENTS:
C:\Program Files\Unity\Hub\Editor\2022.3.9f1\Editor\Unity.exe
-adb2
-batchMode
-noUpm
-name
AssetImportWorker2
-projectPath
C:/Users/keray/OneDrive/Documents/GitHub/MazeLingua
-logFile
Logs/AssetImportWorker2.log
-srvPort
60680
Successfully changed project path to: C:/Users/keray/OneDrive/Documents/GitHub/MazeLingua
C:/Users/keray/OneDrive/Documents/GitHub/MazeLingua
[UnityMemory] Configuration Parameters - Can be set up in boot.config
    "memorysetup-bucket-allocator-granularity=16"
    "memorysetup-bucket-allocator-bucket-count=8"
    "memorysetup-bucket-allocator-block-size=33554432"
    "memorysetup-bucket-allocator-block-count=8"
    "memorysetup-main-allocator-block-size=16777216"
    "memorysetup-thread-allocator-block-size=16777216"
    "memorysetup-gfx-main-allocator-block-size=16777216"
    "memorysetup-gfx-thread-allocator-block-size=16777216"
    "memorysetup-cache-allocator-block-size=4194304"
    "memorysetup-typetree-allocator-block-size=2097152"
    "memorysetup-profiler-bucket-allocator-granularity=16"
    "memorysetup-profiler-bucket-allocator-bucket-count=8"
    "memorysetup-profiler-bucket-allocator-block-size=33554432"
    "memorysetup-profiler-bucket-allocator-block-count=8"
    "memorysetup-profiler-allocator-block-size=16777216"
    "memorysetup-profiler-editor-allocator-block-size=1048576"
    "memorysetup-temp-allocator-size-main=16777216"
    "memorysetup-job-temp-allocator-block-size=2097152"
    "memorysetup-job-temp-allocator-block-size-background=1048576"
    "memorysetup-job-temp-allocator-reduction-small-platforms=262144"
    "memorysetup-allocator-temp-initial-block-size-main=262144"
    "memorysetup-allocator-temp-initial-block-size-worker=262144"
    "memorysetup-temp-allocator-size-background-worker=32768"
    "memorysetup-temp-allocator-size-job-worker=262144"
    "memorysetup-temp-allocator-size-preload-manager=33554432"
    "memorysetup-temp-allocator-size-nav-mesh-worker=65536"
    "memorysetup-temp-allocator-size-audio-worker=65536"
    "memorysetup-temp-allocator-size-cloud-worker=32768"
    "memorysetup-temp-allocator-size-gi-baking-worker=262144"
    "memorysetup-temp-allocator-size-gfx=262144"
Player connection [26852] Host "[IP] 192.168.1.14 [Port] 0 [Flags] 2 [Guid] 2100456995 [EditorId] 2100456995 [Version] 1048832 [Id] WindowsEditor(7,DESKTOP-GKT6A7J) [Debug] 1 [PackageName] WindowsEditor [ProjectName] Editor" joined multi-casting on [225.0.0.222:54997]...

Player connection [26852] Host "[IP] 192.168.1.14 [Port] 0 [Flags] 2 [Guid] 2100456995 [EditorId] 2100456995 [Version] 1048832 [Id] WindowsEditor(7,DESKTOP-GKT6A7J) [Debug] 1 [PackageName] WindowsEditor [ProjectName] Editor" joined alternative multi-casting on [225.0.0.222:34997]...

[Physics::Module] Initialized MultithreadedJobDispatcher with 11 workers.
Refreshing native plugins compatible for Editor in 6.38 ms, found 3 plugins.
Preloading 0 native plugins for Editor in 0.00 ms.
Initialize engine version: 2022.3.9f1 (ea401c316338)
[Subsystems] Discovering subsystems at path C:/Program Files/Unity/Hub/Editor/2022.3.9f1/Editor/Data/Resources/UnitySubsystems
[Subsystems] Discovering subsystems at path C:/Users/keray/OneDrive/Documents/GitHub/MazeLingua/Assets
GfxDevice: creating device client; threaded=0; jobified=0
Direct3D:
    Version:  Direct3D 11.0 [level 11.1]
    Renderer: AMD Radeon RX 7600 (ID=0x7480)
    Vendor:   ATI
    VRAM:     8176 MB
    Driver:   32.0.21013.1000
Initialize mono
Mono path[0] = 'C:/Program Files/Unity/Hub/Editor/2022.3.9f1/Editor/Data/Managed'
Mono path[1] = 'C:/Program Files/Unity/Hub/Editor/2022.3.9f1/Editor/Data/MonoBleedingEdge/lib/mono/unityjit-win32'
Mono config path = 'C:/Program Files/Unity/Hub/Editor/2022.3.9f1/Editor/Data/MonoBleedingEdge/etc'
Using monoOptions --debugger-agent=transport=dt_socket,embedding=1,server=y,suspend=n,address=127.0.0.1:56536
Begin MonoManager ReloadAssembly
Registering precompiled unity dll's ...
Register platform support module: C:/Program Files/Unity/Hub/Editor/2022.3.9f1/Editor/Data/PlaybackEngines/WindowsStandaloneSupport/UnityEditor.WindowsStandalone.Extensions.dll
Registered in 0.004906 seconds.
- Loaded All Assemblies, in  0.242 seconds
Native extension for WindowsStandalone target not found
Mono: successfully reloaded assembly
- Finished resetting the current domain, in  0.188 seconds
Domain Reload Profiling: 429ms
	BeginReloadAssembly (79ms)
		ExecutionOrderSort (0ms)
		DisableScriptedObjects (0ms)
		BackupInstance (0ms)
		ReleaseScriptingObjects (0ms)
		CreateAndSetChildDomain (1ms)
	RebuildCommonClasses (25ms)
	RebuildNativeTypeToScriptingClass (7ms)
	initialDomainReloadingComplete (40ms)
	LoadAllAssembliesAndSetupDomain (90ms)
		LoadAssemblies (77ms)
		RebuildTransferFunctionScriptingTraits (0ms)
		AnalyzeDomain (89ms)
			TypeCache.Refresh (88ms)
				TypeCache.ScanAssembly (79ms)
			ScanForSourceGeneratedMonoScriptInfo (0ms)
			ResolveRequiredComponents (0ms)
	FinalizeReload (188ms)
		ReleaseScriptCaches (0ms)
		RebuildScriptCaches (0ms)
		SetupLoadedEditorAssemblies (148ms)
			LogAssemblyErrors (0ms)
			InitializePlatformSupportModulesInManaged (7ms)
			SetLoadedEditorAssemblies (5ms)
			RefreshPlugins (0ms)
			BeforeProcessingInitializeOnLoad (2ms)
			ProcessInitializeOnLoadAttributes (96ms)
			ProcessInitializeOnLoadMethodAttributes (38ms)
			AfterProcessingInitializeOnLoad (0ms)
			EditorAssembliesLoaded (0ms)
		ExecutionOrderSort2 (0ms)
		AwakeInstancesAfterBackupRestoration (0ms)
========================================================================
Worker process is ready to serve import requests
Begin MonoManager ReloadAssembly
- Loaded All Assemblies, in  0.469 seconds
Refreshing native plugins compatible for Editor in 2.36 ms, found 3 plugins.
Native extension for WindowsStandalone target not found
Package Manager log level set to [2]
[Package Manager] Server::EnsureServerProcessIsRunning -- launch failed, reason: Unity was launched with the -noUpm command-line argument
[Package Manager] UpmClient::Send -- Unable to send message (not connected to UPM process).
[Package Manager] Cannot connect to Unity Package Manager local server
Mono: successfully reloaded assembly
- Finished resetting the current domain, in  0.456 seconds
Domain Reload Profiling: 924ms
	BeginReloadAssembly (105ms)
		ExecutionOrderSort (0ms)
		DisableScriptedObjects (4ms)
		BackupInstance (0ms)
		ReleaseScriptingObjects (0ms)
		CreateAndSetChildDomain (13ms)
	RebuildCommonClasses (26ms)
	RebuildNativeTypeToScriptingClass (9ms)
	initialDomainReloadingComplete (33ms)
	LoadAllAssembliesAndSetupDomain (295ms)
		LoadAssemblies (235ms)
		RebuildTransferFunctionScriptingTraits (0ms)
		AnalyzeDomain (122ms)
			TypeCache.Refresh (108ms)
				TypeCache.ScanAssembly (99ms)
			ScanForSourceGeneratedMonoScriptInfo (10ms)
			ResolveRequiredComponents (3ms)
	FinalizeReload (456ms)
		ReleaseScriptCaches (0ms)
		RebuildScriptCaches (0ms)
		SetupLoadedEditorAssemblies (353ms)
			LogAssemblyErrors (0ms)
			InitializePlatformSupportModulesInManaged (4ms)
			SetLoadedEditorAssemblies (3ms)
			RefreshPlugins (0ms)
			BeforeProcessingInitializeOnLoad (42ms)
			ProcessInitializeOnLoadAttributes (282ms)
			ProcessInitializeOnLoadMethodAttributes (15ms)
			AfterProcessingInitializeOnLoad (6ms)
			EditorAssembliesLoaded (0ms)
		ExecutionOrderSort2 (0ms)
		AwakeInstancesAfterBackupRestoration (6ms)
Launched and connected shader compiler UnityShaderCompiler.exe after 0.04 seconds
Refreshing native plugins compatible for Editor in 2.17 ms, found 3 plugins.
Preloading 0 native plugins for Editor in 0.00 ms.
Unloading 3149 Unused Serialized files (Serialized files now loaded: 0)
Unloading 33 unused Assets / (56.9 KB). Loaded Objects now: 3624.
Memory consumption went from 120.5 MB to 120.4 MB.
Total: 2.047900 ms (FindLiveObjects: 0.136400 ms CreateObjectMapping: 0.064400 ms MarkObjects: 1.773700 ms  DeleteObjects: 0.072700 ms)

AssetImportParameters requested are different than current active one (requested -> active):
  custom:container-demuxer-ogg: 62fdf1f143b41e24485cea50d1cbac27 -> 
  custom:video-decoder-ogg-theora: a1e56fd34408186e4bbccfd4996cb3dc -> 
  custom:framework-win-MediaFoundation: 216162199b28c13a410421893ffa2e32 -> 
  custom:CustomObjectIndexerAttribute: 756ad292c208cfabdd7b50bc23989ffe -> 
  custom:container-demuxer-webm: 4f35f7cbe854078d1ac9338744f61a02 -> 
  custom:container-muxer-webm: aa71ff27fc2769a1b78a27578f13a17b -> 
  custom:video-decoder-webm-vp8: 9c59270c3fd7afecdb556c50c9e8de78 -> 
  custom:SearchIndexIgnoredProperties: e643bd26f0fe6173181afceb89e7c659 -> 
  custom:AudioImporter_EditorPlatform: d09bf68614088b80899f8185d706f6e7 -> 
  custom:video-encoder-webm-vp8: eb34c28f22e8b96e1ab97ce403110664 -> 
  custom:audio-decoder-ogg-vorbis: bf7c407c2cedff20999df2af8eb42d56 -> 
  custom:audio-encoder-webm-vorbis: bf7c407c2cedff20999df2af8eb42d56 -> 
========================================================================
Received Import Request.
  Time since last request: 146781.071306 seconds.
  path: Assets/TextMesh Pro/Examples & Extras/Textures/Mask Zig-n-Zag.psd
  artifactKey: Guid(bb8dfcd263ad4eb383a33d74a720be6f) Importer(815301076,1909f56bfc062723c751e8b465ee728b)
Start importing Assets/TextMesh Pro/Examples & Extras/Textures/Mask Zig-n-Zag.psd using Guid(bb8dfcd263ad4eb383a33d74a720be6f) Importer(815301076,1909f56bfc062723c751e8b465ee728b)  -> (artifact id: 'dca02ddbf645195ef99f43f87359c0d7') in 0.062710 seconds
Number of updated asset objects reloaded before import = 0
Number of asset objects unloaded after import = 2
========================================================================
Received Import Request.
  Time since last request: 27.048133 seconds.
  path: Assets/TextMesh Pro/Examples & Extras/Textures/Wipe Pattern - Radial Quad.psd
  artifactKey: Guid(2b5e9ae96c5644d8bae932f8b4ca68a2) Importer(815301076,1909f56bfc062723c751e8b465ee728b)
Start importing Assets/TextMesh Pro/Examples & Extras/Textures/Wipe Pattern - Radial Quad.psd using Guid(2b5e9ae96c5644d8bae932f8b4ca68a2) Importer(815301076,1909f56bfc062723c751e8b465ee728b)  -> (artifact id: '5975ded41d23759d5a175dc270a01156') in 0.039591 seconds
Number of updated asset objects reloaded before import = 0
Number of asset objects unloaded after import = 2
========================================================================
Received Import Request.
  Time since last request: 4.668069 seconds.
  path: Assets/TextMesh Pro/Examples & Extras/Textures/Text Overflow - Linked Text UI Screenshot.png
  artifactKey: Guid(c76d18757a194d618355f05f815cb0a1) Importer(815301076,1909f56bfc062723c751e8b465ee728b)
Start importing Assets/TextMesh Pro/Examples & Extras/Textures/Text Overflow - Linked Text UI Screenshot.png using Guid(c76d18757a194d618355f05f815cb0a1) Importer(815301076,1909f56bfc062723c751e8b465ee728b)  -> (artifact id: '20398d33d7dd341878304646e62f54b7') in 0.020831 seconds
Number of updated asset objects reloaded before import = 0
Number of asset objects unloaded after import = 2
========================================================================
Received Import Request.
  Time since last request: 150.556263 seconds.
  path: Assets/Kartograph/Demo/Scenes/Hard.unity
  artifactKey: Guid(637eb9e75a426ce468e556bdb3238239) Importer(815301076,1909f56bfc062723c751e8b465ee728b)
Start importing Assets/Kartograph/Demo/Scenes/Hard.unity using Guid(637eb9e75a426ce468e556bdb3238239) Importer(815301076,1909f56bfc062723c751e8b465ee728b)  -> (artifact id: 'b05e092be49b1028b2bb4c864f633bf9') in 0.000485 seconds
Number of updated asset objects reloaded before import = 0
Number of asset objects unloaded after import = 0
========================================================================
Received Import Request.
  Time since last request: 9.855823 seconds.
  path: Assets/Kartograph/Demo/Prefabs/3D/Hard/RoomQuillandScroll.prefab
  artifactKey: Guid(9f31213af6f076f41b2cb067a7ea717a) Importer(815301076,1909f56bfc062723c751e8b465ee728b)
Start importing Assets/Kartograph/Demo/Prefabs/3D/Hard/RoomQuillandScroll.prefab using Guid(9f31213af6f076f41b2cb067a7ea717a) Importer(815301076,1909f56bfc062723c751e8b465ee728b)  -> (artifact id: '69056a34168433315cee4b8f257baa79') in 0.117986 seconds
Number of updated asset objects reloaded before import = 0
Number of asset objects unloaded after import = 557
========================================================================
Received Import Request.
  Time since last request: 373.844608 seconds.
  path: Assets/TextMesh Pro/Resources/Style Sheets/Default Style Sheet.asset
  artifactKey: Guid(f952c082cb03451daed3ee968ac6c63e) Importer(815301076,1909f56bfc062723c751e8b465ee728b)
Start importing Assets/TextMesh Pro/Resources/Style Sheets/Default Style Sheet.asset using Guid(f952c082cb03451daed3ee968ac6c63e) Importer(815301076,1909f56bfc062723c751e8b465ee728b)  -> (artifact id: 'fe80c178848b706fa879db830bde2b73') in 0.002433 seconds
Number of updated asset objects reloaded before import = 0
Number of asset objects unloaded after import = 1
========================================================================
Received Import Request.
  Time since last request: 0.010858 seconds.
  path: Assets/Kartograph/Demo/Prefabs/3D/Easy/RoomChest.prefab
  artifactKey: Guid(37397042b63958749882c7bff52d4dff) Importer(815301076,1909f56bfc062723c751e8b465ee728b)
Start importing Assets/Kartograph/Demo/Prefabs/3D/Easy/RoomChest.prefab using Guid(37397042b63958749882c7bff52d4dff) Importer(815301076,1909f56bfc062723c751e8b465ee728b)  -> (artifact id: 'c667aaaaa34e39e4eb39ca504616bac3') in 0.083992 seconds
Number of updated asset objects reloaded before import = 0
Number of asset objects unloaded after import = 580
========================================================================
Received Import Request.
  Time since last request: 70.063131 seconds.
  path: Assets/TextMesh Pro/Examples & Extras/Textures/Brushed Metal 3.jpg
  artifactKey: Guid(f88677df267a41d6be1e7a6133e7d227) Importer(815301076,1909f56bfc062723c751e8b465ee728b)
Start importing Assets/TextMesh Pro/Examples & Extras/Textures/Brushed Metal 3.jpg using Guid(f88677df267a41d6be1e7a6133e7d227) Importer(815301076,1909f56bfc062723c751e8b465ee728b)  -> (artifact id: '38adcf33f079211003d773bfe9db1f8d') in 0.021261 seconds
Number of updated asset objects reloaded before import = 0
Number of asset objects unloaded after import = 2
========================================================================
Received Import Request.
  Time since last request: 13.756927 seconds.
  path: Assets/Fantasy Skybox FREE/Panoramics/FS002/FS002_Night.png
  artifactKey: Guid(3cf4d52b14bd4254d9f4fd063f8d9bfd) Importer(815301076,1909f56bfc062723c751e8b465ee728b)
Start importing Assets/Fantasy Skybox FREE/Panoramics/FS002/FS002_Night.png using Guid(3cf4d52b14bd4254d9f4fd063f8d9bfd) Importer(815301076,1909f56bfc062723c751e8b465ee728b)  -> (artifact id: 'b69eab7d81cf6a10b3eedee6fbecc59c') in 0.018662 seconds
Number of updated asset objects reloaded before import = 0
Number of asset objects unloaded after import = 2
========================================================================
Received Import Request.
  Time since last request: 1.024777 seconds.
  path: Assets/TextMesh Pro/Examples & Extras/Resources/Sprite Assets/Default Sprite Asset.asset
  artifactKey: Guid(fbef3c704dce48f08a44612d6c856c8d) Importer(815301076,1909f56bfc062723c751e8b465ee728b)
Start importing Assets/TextMesh Pro/Examples & Extras/Resources/Sprite Assets/Default Sprite Asset.asset using Guid(fbef3c704dce48f08a44612d6c856c8d) Importer(815301076,1909f56bfc062723c751e8b465ee728b)  -> (artifact id: 'de15fbe2a1829232688f0d2578638221') in 0.008907 seconds
Number of updated asset objects reloaded before import = 0
Number of asset objects unloaded after import = 3
========================================================================
Received Import Request.
  Time since last request: 0.019044 seconds.
  path: Assets/TextMesh Pro/Examples & Extras/Textures/Floor Cement.jpg
  artifactKey: Guid(283f897e4925411ebbaa758b4cb13fc2) Importer(815301076,1909f56bfc062723c751e8b465ee728b)
Start importing Assets/TextMesh Pro/Examples & Extras/Textures/Floor Cement.jpg using Guid(283f897e4925411ebbaa758b4cb13fc2) Importer(815301076,1909f56bfc062723c751e8b465ee728b)  -> (artifact id: '8d6a222dcf2759224bc639e99d4ad2c8') in 0.017097 seconds
Number of updated asset objects reloaded before import = 0
Number of asset objects unloaded after import = 2
========================================================================
Received Import Request.
  Time since last request: 35.271503 seconds.
  path: Assets/TextMesh Pro/Examples & Extras/Textures/Fruit Jelly (B&W).jpg
  artifactKey: Guid(1cdc5b506b1a4a33a53c30669ced1f51) Importer(815301076,1909f56bfc062723c751e8b465ee728b)
Start importing Assets/TextMesh Pro/Examples & Extras/Textures/Fruit Jelly (B&W).jpg using Guid(1cdc5b506b1a4a33a53c30669ced1f51) Importer(815301076,1909f56bfc062723c751e8b465ee728b)  -> (artifact id: '498e0970fc5a144c40ea28f10defc921') in 0.014671 seconds
Number of updated asset objects reloaded before import = 0
Number of asset objects unloaded after import = 2
========================================================================
Received Import Request.
  Time since last request: 0.009784 seconds.
  path: Assets/Fantasy Skybox FREE/Panoramics/FS003/FS003_Snowy.png
  artifactKey: Guid(f4d685236ef56ef41a4ddef00508a2c5) Importer(815301076,1909f56bfc062723c751e8b465ee728b)
Start importing Assets/Fantasy Skybox FREE/Panoramics/FS003/FS003_Snowy.png using Guid(f4d685236ef56ef41a4ddef00508a2c5) Importer(815301076,1909f56bfc062723c751e8b465ee728b)  -> (artifact id: '8d66f3fd94cfd656059b69000d808060') in 0.016239 seconds
Number of updated asset objects reloaded before import = 0
Number of asset objects unloaded after import = 2
========================================================================
Received Import Request.
  Time since last request: 0.038574 seconds.
  path: Assets/Stylized NPC - Peasant Nolant/Textures/Peasant Nolant Brown.png
  artifactKey: Guid(0c6db0d88664c7847a854ccc20f8dffd) Importer(815301076,1909f56bfc062723c751e8b465ee728b)
Start importing Assets/Stylized NPC - Peasant Nolant/Textures/Peasant Nolant Brown.png using Guid(0c6db0d88664c7847a854ccc20f8dffd) Importer(815301076,1909f56bfc062723c751e8b465ee728b)  -> (artifact id: '1b5a989429fa2ac18f44ded903b2dd68') in 0.019677 seconds
Number of updated asset objects reloaded before import = 0
Number of asset objects unloaded after import = 2
========================================================================
Received Import Request.
  Time since last request: 0.000668 seconds.
  path: Assets/Stylized NPC - Peasant Nolant/Textures/Peasant Nolant Yellow.png
  artifactKey: Guid(cd4d946f45eea7e409da2c45885aafad) Importer(815301076,1909f56bfc062723c751e8b465ee728b)
Start importing Assets/Stylized NPC - Peasant Nolant/Textures/Peasant Nolant Yellow.png using Guid(cd4d946f45eea7e409da2c45885aafad) Importer(815301076,1909f56bfc062723c751e8b465ee728b)  -> (artifact id: '1c7e224f0be279e2a7a57c83cd576ae8') in 0.017640 seconds
Number of updated asset objects reloaded before import = 0
Number of asset objects unloaded after import = 2
========================================================================
Received Import Request.
  Time since last request: 0.531706 seconds.
  path: Assets/TextMesh Pro/Examples & Extras/Textures/Wipe Pattern - Circle.psd
  artifactKey: Guid(10c49fcd9c64421db7c0133e61e55f97) Importer(815301076,1909f56bfc062723c751e8b465ee728b)
Start importing Assets/TextMesh Pro/Examples & Extras/Textures/Wipe Pattern - Circle.psd using Guid(10c49fcd9c64421db7c0133e61e55f97) Importer(815301076,1909f56bfc062723c751e8b465ee728b)  -> (artifact id: '0b2111415f2c36a023e512c1988d0da6') in 0.016293 seconds
Number of updated asset objects reloaded before import = 0
Number of asset objects unloaded after import = 2
========================================================================
Received Import Request.
  Time since last request: 0.000015 seconds.
  path: Assets/TextMesh Pro/Examples & Extras/Textures/Wipe Pattern - Radial Double.psd
  artifactKey: Guid(7631f4eff8f74ed38eb3eb9db17134e1) Importer(815301076,1909f56bfc062723c751e8b465ee728b)
Start importing Assets/TextMesh Pro/Examples & Extras/Textures/Wipe Pattern - Radial Double.psd using Guid(7631f4eff8f74ed38eb3eb9db17134e1) Importer(815301076,1909f56bfc062723c751e8b465ee728b)  -> (artifact id: '075ada1cece19e59e6f876ca99e14e39') in 0.012376 seconds
Number of updated asset objects reloaded before import = 0
Number of asset objects unloaded after import = 2
========================================================================
Received Import Request.
  Time since last request: 69.745313 seconds.
  path: Assets/Kartograph/Demo/Prefabs/3D/Hard/RoomPlaceOfStudy.prefab
  artifactKey: Guid(64da5c1c87e6ba44382741f67cc7747b) Importer(815301076,1909f56bfc062723c751e8b465ee728b)
Start importing Assets/Kartograph/Demo/Prefabs/3D/Hard/RoomPlaceOfStudy.prefab using Guid(64da5c1c87e6ba44382741f67cc7747b) Importer(815301076,1909f56bfc062723c751e8b465ee728b)  -> (artifact id: '2ec1cf5c3badab2089c4ddc0cb5e36ec') in 0.056981 seconds
Number of updated asset objects reloaded before import = 0
Number of asset objects unloaded after import = 631
========================================================================
Received Import Request.
  Time since last request: 8.297003 seconds.
  path: Assets/Kartograph/Demo/Prefabs/3D/Hard/RoomPlaceOfStudy 1.prefab
  artifactKey: Guid(8c11e8c4dd1477344a11d9e7beba7680) Importer(815301076,1909f56bfc062723c751e8b465ee728b)
Start importing Assets/Kartograph/Demo/Prefabs/3D/Hard/RoomPlaceOfStudy 1.prefab using Guid(8c11e8c4dd1477344a11d9e7beba7680) Importer(815301076,1909f56bfc062723c751e8b465ee728b)  -> (artifact id: '4a105aff3bc35678039efd83934aae5b') in 0.054278 seconds
Number of updated asset objects reloaded before import = 0
Number of asset objects unloaded after import = 631
========================================================================
Received Import Request.
  Time since last request: 10.631556 seconds.
  path: Assets/Kartograph/Demo/Prefabs/3D/Hard/RoomPlaceOfStudy 1.prefab
  artifactKey: Guid(8c11e8c4dd1477344a11d9e7beba7680) Importer(815301076,1909f56bfc062723c751e8b465ee728b)
Start importing Assets/Kartograph/Demo/Prefabs/3D/Hard/RoomPlaceOfStudy 1.prefab using Guid(8c11e8c4dd1477344a11d9e7beba7680) Importer(815301076,1909f56bfc062723c751e8b465ee728b)  -> (artifact id: '3ea3719e34ae99f6597f6501b6018f45') in 0.053600 seconds
Number of updated asset objects reloaded before import = 0
Number of asset objects unloaded after import = 618
========================================================================
Received Import Request.
  Time since last request: 0.557105 seconds.
  path: Assets/Kartograph/Demo/Prefabs/3D/Hard/RoomPlaceOfStudy 1.prefab
  artifactKey: Guid(8c11e8c4dd1477344a11d9e7beba7680) Importer(815301076,1909f56bfc062723c751e8b465ee728b)
Start importing Assets/Kartograph/Demo/Prefabs/3D/Hard/RoomPlaceOfStudy 1.prefab using Guid(8c11e8c4dd1477344a11d9e7beba7680) Importer(815301076,1909f56bfc062723c751e8b465ee728b)  -> (artifact id: '279d3c435162751c5fd0312c626bd3bc') in 0.052133 seconds
Number of updated asset objects reloaded before import = 0
Number of asset objects unloaded after import = 605
========================================================================
Received Import Request.
  Time since last request: 0.530304 seconds.
  path: Assets/Kartograph/Demo/Prefabs/3D/Hard/RoomPlaceOfStudy 1.prefab
  artifactKey: Guid(8c11e8c4dd1477344a11d9e7beba7680) Importer(815301076,1909f56bfc062723c751e8b465ee728b)
Start importing Assets/Kartograph/Demo/Prefabs/3D/Hard/RoomPlaceOfStudy 1.prefab using Guid(8c11e8c4dd1477344a11d9e7beba7680) Importer(815301076,1909f56bfc062723c751e8b465ee728b)  -> (artifact id: '4502884a73a9216ca63cd926980f82c4') in 0.047302 seconds
Number of updated asset objects reloaded before import = 0
Number of asset objects unloaded after import = 591
========================================================================
Received Import Request.
  Time since last request: 0.556656 seconds.
  path: Assets/Kartograph/Demo/Prefabs/3D/Hard/RoomPlaceOfStudy 1.prefab
  artifactKey: Guid(8c11e8c4dd1477344a11d9e7beba7680) Importer(815301076,1909f56bfc062723c751e8b465ee728b)
Start importing Assets/Kartograph/Demo/Prefabs/3D/Hard/RoomPlaceOfStudy 1.prefab using Guid(8c11e8c4dd1477344a11d9e7beba7680) Importer(815301076,1909f56bfc062723c751e8b465ee728b)  -> (artifact id: '4b4335e69804ae7518c27db584a2d72a') in 0.053354 seconds
Number of updated asset objects reloaded before import = 0
Number of asset objects unloaded after import = 578
========================================================================
Received Import Request.
  Time since last request: 0.542844 seconds.
  path: Assets/Kartograph/Demo/Prefabs/3D/Hard/RoomPlaceOfStudy 1.prefab
  artifactKey: Guid(8c11e8c4dd1477344a11d9e7beba7680) Importer(815301076,1909f56bfc062723c751e8b465ee728b)
Start importing Assets/Kartograph/Demo/Prefabs/3D/Hard/RoomPlaceOfStudy 1.prefab using Guid(8c11e8c4dd1477344a11d9e7beba7680) Importer(815301076,1909f56bfc062723c751e8b465ee728b)  -> (artifact id: '86887904ae3fed452156dc4b6fd4f712') in 0.048425 seconds
Number of updated asset objects reloaded before import = 0
Number of asset objects unloaded after import = 562
========================================================================
Received Import Request.
  Time since last request: 0.364860 seconds.
  path: Assets/Kartograph/Demo/Prefabs/3D/Hard/RoomPlaceOfStudy 1.prefab
  artifactKey: Guid(8c11e8c4dd1477344a11d9e7beba7680) Importer(815301076,1909f56bfc062723c751e8b465ee728b)
Start importing Assets/Kartograph/Demo/Prefabs/3D/Hard/RoomPlaceOfStudy 1.prefab using Guid(8c11e8c4dd1477344a11d9e7beba7680) Importer(815301076,1909f56bfc062723c751e8b465ee728b)  -> (artifact id: '6b51f436ee7f5dbfcc51b1b40b1f35fa') in 0.043959 seconds
Number of updated asset objects reloaded before import = 0
Number of asset objects unloaded after import = 549
========================================================================
Received Import Request.
  Time since last request: 0.951030 seconds.
  path: Assets/Kartograph/Demo/Prefabs/3D/Hard/RoomPlaceOfStudy 1.prefab
  artifactKey: Guid(8c11e8c4dd1477344a11d9e7beba7680) Importer(815301076,1909f56bfc062723c751e8b465ee728b)
Start importing Assets/Kartograph/Demo/Prefabs/3D/Hard/RoomPlaceOfStudy 1.prefab using Guid(8c11e8c4dd1477344a11d9e7beba7680) Importer(815301076,1909f56bfc062723c751e8b465ee728b)  -> (artifact id: 'e461167d81fbc60e23008bf2310d7bac') in 0.047192 seconds
Number of updated asset objects reloaded before import = 0
Number of asset objects unloaded after import = 533
========================================================================
Received Import Request.
  Time since last request: 110.178239 seconds.
  path: Assets/Kartograph/Demo/Prefabs/3D/Hard/RoomBeaker.prefab
  artifactKey: Guid(8c11e8c4dd1477344a11d9e7beba7680) Importer(815301076,1909f56bfc062723c751e8b465ee728b)
Start importing Assets/Kartograph/Demo/Prefabs/3D/Hard/RoomBeaker.prefab using Guid(8c11e8c4dd1477344a11d9e7beba7680) Importer(815301076,1909f56bfc062723c751e8b465ee728b)  -> (artifact id: 'b90532e861772149b329c603df06f66f') in 0.078315 seconds
Number of updated asset objects reloaded before import = 0
Number of asset objects unloaded after import = 549
========================================================================
Received Import Request.
  Time since last request: 10.195756 seconds.
  path: Assets/Kartograph/Demo/Prefabs/3D/Hard/RoomMultipleBottles 1.prefab
  artifactKey: Guid(e3cdd8d9b45322e45acd67fe7cd5109a) Importer(815301076,1909f56bfc062723c751e8b465ee728b)
Start importing Assets/Kartograph/Demo/Prefabs/3D/Hard/RoomMultipleBottles 1.prefab using Guid(e3cdd8d9b45322e45acd67fe7cd5109a) Importer(815301076,1909f56bfc062723c751e8b465ee728b)  -> (artifact id: '3332aed59bd1c09838f0eaab198cccee') in 0.057037 seconds
Number of updated asset objects reloaded before import = 0
Number of asset objects unloaded after import = 652
========================================================================
Received Import Request.
  Time since last request: 170.381240 seconds.
  path: Assets/Kartograph/Demo/Prefabs/3D/Hard/RoomMagicalContext.prefab
  artifactKey: Guid(e3cdd8d9b45322e45acd67fe7cd5109a) Importer(815301076,1909f56bfc062723c751e8b465ee728b)
Start importing Assets/Kartograph/Demo/Prefabs/3D/Hard/RoomMagicalContext.prefab using Guid(e3cdd8d9b45322e45acd67fe7cd5109a) Importer(815301076,1909f56bfc062723c751e8b465ee728b)  -> (artifact id: 'bacacb9bad364e29fa9c428bd890e182') in 0.082271 seconds
Number of updated asset objects reloaded before import = 0
Number of asset objects unloaded after import = 621
